Modules list:
-------------
startup.o:
    ZEROPAGE          Offs=000000  Size=000006  Align=00001  Fill=0000
    STARTUP           Offs=000000  Size=000047  Align=00001  Fill=0000
main.o:
    CODE              Offs=000000  Size=000223  Align=00001  Fill=0000
    RODATA            Offs=000000  Size=00007E  Align=00001  Fill=0000
D:\cc65\lib\none.lib(addysp.o):
    CODE              Offs=000223  Size=00000E  Align=00001  Fill=0000
D:\cc65\lib\none.lib(along.o):
    CODE              Offs=000231  Size=00000D  Align=00001  Fill=0000
D:\cc65\lib\none.lib(axlong.o):
    CODE              Offs=00023E  Size=00000D  Align=00001  Fill=0000
D:\cc65\lib\none.lib(decsp1.o):
    CODE              Offs=00024B  Size=000009  Align=00001  Fill=0000
D:\cc65\lib\none.lib(decsp4.o):
    CODE              Offs=000254  Size=00000D  Align=00001  Fill=0000
D:\cc65\lib\none.lib(incax1.o):
    CODE              Offs=000261  Size=000007  Align=00001  Fill=0000
D:\cc65\lib\none.lib(incsp1.o):
    CODE              Offs=000268  Size=000007  Align=00001  Fill=0000
D:\cc65\lib\none.lib(incsp2.o):
    CODE              Offs=00026F  Size=000016  Align=00001  Fill=0000
D:\cc65\lib\none.lib(incsp4.o):
    CODE              Offs=000285  Size=000005  Align=00001  Fill=0000
D:\cc65\lib\none.lib(jmpvec.o):
    DATA              Offs=000000  Size=000003  Align=00001  Fill=0000
D:\cc65\lib\none.lib(ladd.o):
    CODE              Offs=00028A  Size=000025  Align=00001  Fill=0000
D:\cc65\lib\none.lib(lcmp.o):
    CODE              Offs=0002AF  Size=00003B  Align=00001  Fill=0000
D:\cc65\lib\none.lib(ldaxsp.o):
    CODE              Offs=0002EA  Size=000009  Align=00001  Fill=0000
D:\cc65\lib\none.lib(ldeaxysp.o):
    CODE              Offs=0002F3  Size=000013  Align=00001  Fill=0000
D:\cc65\lib\none.lib(lor.o):
    CODE              Offs=000306  Size=000024  Align=00001  Fill=0000
D:\cc65\lib\none.lib(lpush.o):
    CODE              Offs=00032A  Size=000021  Align=00001  Fill=0000
D:\cc65\lib\none.lib(lult.o):
    CODE              Offs=00034B  Size=000006  Align=00001  Fill=0000
D:\cc65\lib\none.lib(makebool.o):
    CODE              Offs=000351  Size=00002C  Align=00001  Fill=0000
D:\cc65\lib\none.lib(pusha.o):
    CODE              Offs=00037D  Size=000016  Align=00001  Fill=0000
D:\cc65\lib\none.lib(pushax.o):
    CODE              Offs=000393  Size=00001A  Align=00001  Fill=0000
D:\cc65\lib\none.lib(shl.o):
    CODE              Offs=0003AD  Size=000033  Align=00001  Fill=0000
D:\cc65\lib\none.lib(staxsp.o):
    CODE              Offs=0003E0  Size=00000B  Align=00001  Fill=0000
D:\cc65\lib\none.lib(steaxsp.o):
    CODE              Offs=0003EB  Size=000015  Align=00001  Fill=0000
D:\cc65\lib\none.lib(zeropage.o):
    ZEROPAGE          Offs=000006  Size=00001A  Align=00001  Fill=0000


Segment list:
-------------
Name                   Start     End    Size  Align
----------------------------------------------------
ZEROPAGE              000020  00003F  000020  00001
STARTUP               000800  000846  000047  00001
CODE                  000847  000C46  000400  00001
RODATA                000C47  000CC4  00007E  00001
DATA                  000CC5  000CC7  000003  00001


Exports list by name:
---------------------
__BSS_RUN__               000CC8 RLA    __BSS_SIZE__              000000 REA    
__STARTUP__               000001 REA    _main                     000A00 RLA    
addysp                    000A6B RLA    addysp1                   000A6A RLA    
aslaxy                    000BFB RLA    aulong                    000A7E RLA    
axulong                   000A8B RLA    boolult                   000BB7 RLA    
decsp1                    000A92 RLA    decsp4                    000A9B RLA    
incax1                    000AA8 RLA    incsp1                    000AAF RLA    
incsp2                    000ABE RLA    incsp4                    000ACC RLA    
jmpvec                    000CC5 RLA    ldax0sp                   000B31 RLA    
ldaxysp                   000B33 RLA    ldeax0sp                  000B3A RLA    
ldeaxysp                  000B3C RLA    popax                     000AB6 RLA    
ptr1                      00002E RLZ    pusha                     000BC8 RLA    
pushax                    000BDE RLA    pusheax                   000B7A RLA    
regsave                   00002A RLZ    sp                        000026 RLZ    
sreg                      000028 RLZ    staxysp                   000C29 RLA    
steax0sp                  000C32 RLA    tmp1                      000036 RLZ    
tosaddeax                 000AD7 RLA    toslcmp                   000AF6 RLA    
tosoreax                  000B53 RLA    tosulteax                 000B92 RLA    



Exports list by value:
----------------------
__BSS_SIZE__              000000 REA    __STARTUP__               000001 REA    
sp                        000026 RLZ    sreg                      000028 RLZ    
regsave                   00002A RLZ    ptr1                      00002E RLZ    
tmp1                      000036 RLZ    _main                     000A00 RLA    
addysp1                   000A6A RLA    addysp                    000A6B RLA    
aulong                    000A7E RLA    axulong                   000A8B RLA    
decsp1                    000A92 RLA    decsp4                    000A9B RLA    
incax1                    000AA8 RLA    incsp1                    000AAF RLA    
popax                     000AB6 RLA    incsp2                    000ABE RLA    
incsp4                    000ACC RLA    tosaddeax                 000AD7 RLA    
toslcmp                   000AF6 RLA    ldax0sp                   000B31 RLA    
ldaxysp                   000B33 RLA    ldeax0sp                  000B3A RLA    
ldeaxysp                  000B3C RLA    tosoreax                  000B53 RLA    
pusheax                   000B7A RLA    tosulteax                 000B92 RLA    
boolult                   000BB7 RLA    pusha                     000BC8 RLA    
pushax                    000BDE RLA    aslaxy                    000BFB RLA    
staxysp                   000C29 RLA    steax0sp                  000C32 RLA    
jmpvec                    000CC5 RLA    __BSS_RUN__               000CC8 RLA    



Imports list:
-------------
__BSS_RUN__ ([linker generated]):
    startup.o                 src\startup.s(12)
__BSS_SIZE__ ([linker generated]):
    startup.o                 src\startup.s(12)
__STARTUP__ (startup.o):
    main.o                    src\main.s(13)
_main (main.o):
    startup.o                 src\startup.s(11)
addysp (addysp.o):
    incsp4.o                  runtime/incsp4.s(8)
    main.o                    src\main.s(389)
addysp1 (addysp.o):
    lor.o                     runtime/lor.s(9)
    ladd.o                    runtime/ladd.s(8)
aslaxy (shl.o):
    main.o                    src\main.s(389)
aulong (along.o):
    main.o                    src\main.s(389)
axulong (axlong.o):
    main.o                    src\main.s(389)
boolult (makebool.o):
    lult.o                    runtime/lult.s(8)
decsp1 (decsp1.o):
    main.o                    src\main.s(389)
    main.o                    src\main.s(389)
    main.o                    src\main.s(389)
decsp4 (decsp4.o):
    lpush.o                   runtime/lpush.s(12)
    main.o                    src\main.s(389)
incax1 (incax1.o):
    main.o                    src\main.s(389)
incsp1 (incsp1.o):
    main.o                    src\main.s(389)
    main.o                    src\main.s(389)
incsp2 (incsp2.o):
    main.o                    src\main.s(389)
    main.o                    src\main.s(389)
incsp4 (incsp4.o):
    lcmp.o                    runtime/lcmp.s(9)
    main.o                    src\main.s(389)
jmpvec (jmpvec.o):
    main.o                    src\main.s(389)
ldax0sp (ldaxsp.o):
    main.o                    src\main.s(389)
ldaxysp (ldaxsp.o):
    main.o                    src\main.s(389)
ldeax0sp (ldeaxysp.o):
    main.o                    src\main.s(389)
    main.o                    src\main.s(389)
ldeaxysp (ldeaxysp.o):
    main.o                    src\main.s(389)
popax (incsp2.o):
    shl.o                     runtime/shl.s(15)
ptr1 (zeropage.o):
    lcmp.o                    runtime/lcmp.s(10)
    main.o                    src\main.s(11)
pusha (pusha.o):
    main.o                    src\main.s(389)
    main.o                    src\main.s(389)
pushax (pushax.o):
    main.o                    src\main.s(389)
pusheax (lpush.o):
    main.o                    src\main.s(389)
    main.o                    src\main.s(389)
regsave (zeropage.o):
    main.o                    src\main.s(10)
sp (zeropage.o):
    lcmp.o                    runtime/lcmp.s(10)
    steaxsp.o                 runtime/steaxsp.s(8)
    staxsp.o                  runtime/staxsp.s(8)
    pushax.o                  runtime/pushax.s(8)
    pusha.o                   runtime/pusha.s(8)
    lpush.o                   runtime/lpush.s(13)
    lor.o                     runtime/lor.s(10)
    ldeaxysp.o                runtime/ldeaxysp.s(12)
    ldaxsp.o                  runtime/ldaxsp.s(8)
    ladd.o                    runtime/ladd.s(9)
    incsp2.o                  runtime/incsp2.s(8)
    incsp1.o                  runtime/incsp1.s(8)
    decsp4.o                  runtime/decsp4.s(8)
    decsp1.o                  runtime/decsp1.s(8)
    addysp.o                  runtime/addysp.s(8)
    main.o                    src\main.s(10)
    startup.o                 src\startup.s(13)
sreg (zeropage.o):
    lcmp.o                    runtime/lcmp.s(10)
    steaxsp.o                 runtime/steaxsp.s(8)
    lpush.o                   runtime/lpush.s(13)
    lor.o                     runtime/lor.s(10)
    ldeaxysp.o                runtime/ldeaxysp.s(12)
    ladd.o                    runtime/ladd.s(9)
    axlong.o                  runtime/axlong.s(9)
    along.o                   runtime/along.s(9)
    main.o                    src\main.s(10)
staxysp (staxsp.o):
    main.o                    src\main.s(389)
steax0sp (steaxsp.o):
    main.o                    src\main.s(389)
tmp1 (zeropage.o):
    shl.o                     runtime/shl.s(16)
    lor.o                     runtime/lor.s(10)
    ladd.o                    runtime/ladd.s(9)
tosaddeax (ladd.o):
    main.o                    src\main.s(389)
toslcmp (lcmp.o):
    lult.o                    runtime/lult.s(8)
tosoreax (lor.o):
    main.o                    src\main.s(389)
tosulteax (lult.o):
    main.o                    src\main.s(389)

