Modules list:
-------------
startup.o:
    ZEROPAGE          Offs=000000  Size=000006  Align=00001  Fill=0000
    STARTUP           Offs=000000  Size=000047  Align=00001  Fill=0000
test_romapi.o:
    CODE              Offs=000000  Size=000263  Align=00001  Fill=0000
    RODATA            Offs=000000  Size=000100  Align=00001  Fill=0000
D:\cc65\lib\none.lib(addysp.o):
    CODE              Offs=000263  Size=00000E  Align=00001  Fill=0000
D:\cc65\lib\none.lib(call.o):
    CODE              Offs=000271  Size=000007  Align=00001  Fill=0000
D:\cc65\lib\none.lib(decsp4.o):
    CODE              Offs=000278  Size=00000D  Align=00001  Fill=0000
D:\cc65\lib\none.lib(incax1.o):
    CODE              Offs=000285  Size=000007  Align=00001  Fill=0000
D:\cc65\lib\none.lib(incaxy.o):
    CODE              Offs=00028C  Size=00000B  Align=00001  Fill=0000
D:\cc65\lib\none.lib(incsp2.o):
    CODE              Offs=000297  Size=000016  Align=00001  Fill=0000
D:\cc65\lib\none.lib(incsp4.o):
    CODE              Offs=0002AD  Size=000005  Align=00001  Fill=0000
D:\cc65\lib\none.lib(jmpvec.o):
    DATA              Offs=000000  Size=000003  Align=00001  Fill=0000
D:\cc65\lib\none.lib(ldaxsp.o):
    CODE              Offs=0002B2  Size=000009  Align=00001  Fill=0000
D:\cc65\lib\none.lib(ldeaxysp.o):
    CODE              Offs=0002BB  Size=000013  Align=00001  Fill=0000
D:\cc65\lib\none.lib(lpush.o):
    CODE              Offs=0002CE  Size=000021  Align=00001  Fill=0000
D:\cc65\lib\none.lib(lsub.o):
    CODE              Offs=0002EF  Size=000027  Align=00001  Fill=0000
D:\cc65\lib\none.lib(pusha.o):
    CODE              Offs=000316  Size=000016  Align=00001  Fill=0000
D:\cc65\lib\none.lib(pushax.o):
    CODE              Offs=00032C  Size=00001A  Align=00001  Fill=0000
D:\cc65\lib\none.lib(shl.o):
    CODE              Offs=000346  Size=000033  Align=00001  Fill=0000
D:\cc65\lib\none.lib(staxsp.o):
    CODE              Offs=000379  Size=00000B  Align=00001  Fill=0000
D:\cc65\lib\none.lib(steaxsp.o):
    CODE              Offs=000384  Size=000015  Align=00001  Fill=0000
D:\cc65\lib\none.lib(subysp.o):
    CODE              Offs=000399  Size=00000D  Align=00001  Fill=0000
D:\cc65\lib\none.lib(zeropage.o):
    ZEROPAGE          Offs=000006  Size=00001A  Align=00001  Fill=0000


Segment list:
-------------
Name                   Start     End    Size  Align
----------------------------------------------------
ZEROPAGE              000020  00003F  000020  00001
STARTUP               000800  000846  000047  00001
CODE                  000847  000BEC  0003A6  00001
RODATA                000BED  000CEC  000100  00001
DATA                  000CED  000CEF  000003  00001


Exports list by name:
---------------------
__BSS_RUN__               000CF0 RLA    __BSS_SIZE__              000000 REA    
__STARTUP__               000001 REA    _main                     000938 RLA    
addysp                    000AAB RLA    addysp1                   000AAA RLA    
callax                    000AB8 RLA    decsp4                    000ABF RLA    
incax1                    000ACC RLA    incaxy                    000AD5 RLA    
incsp2                    000AE6 RLA    incsp4                    000AF4 RLA    
jmpvec                    000CED RLA    ldax0sp                   000AF9 RLA    
ldaxysp                   000AFB RLA    ldeax0sp                  000B02 RLA    
ldeaxysp                  000B04 RLA    popax                     000ADE RLA    
ptr1                      00002E RLZ    pusha                     000B61 RLA    
pusha0                    000B75 RLA    pushax                    000B77 RLA    
pusheax                   000B1E RLA    regsave                   00002A RLZ    
sp                        000026 RLZ    sreg                      000028 RLZ    
staxysp                   000BC2 RLA    steaxysp                  000BCD RLA    
subysp                    000BE0 RLA    tmp1                      000036 RLZ    
tosaslax                  000B8D RLA    tossubeax                 000B3C RLA    



Exports list by value:
----------------------
__BSS_SIZE__              000000 REA    __STARTUP__               000001 REA    
sp                        000026 RLZ    sreg                      000028 RLZ    
regsave                   00002A RLZ    ptr1                      00002E RLZ    
tmp1                      000036 RLZ    _main                     000938 RLA    
addysp1                   000AAA RLA    addysp                    000AAB RLA    
callax                    000AB8 RLA    decsp4                    000ABF RLA    
incax1                    000ACC RLA    incaxy                    000AD5 RLA    
popax                     000ADE RLA    incsp2                    000AE6 RLA    
incsp4                    000AF4 RLA    ldax0sp                   000AF9 RLA    
ldaxysp                   000AFB RLA    ldeax0sp                  000B02 RLA    
ldeaxysp                  000B04 RLA    pusheax                   000B1E RLA    
tossubeax                 000B3C RLA    pusha                     000B61 RLA    
pusha0                    000B75 RLA    pushax                    000B77 RLA    
tosaslax                  000B8D RLA    staxysp                   000BC2 RLA    
steaxysp                  000BCD RLA    subysp                    000BE0 RLA    
jmpvec                    000CED RLA    __BSS_RUN__               000CF0 RLA    



Imports list:
-------------
__BSS_RUN__ ([linker generated]):
    startup.o                 src\startup.s(12)
__BSS_SIZE__ ([linker generated]):
    startup.o                 src\startup.s(12)
__STARTUP__ (startup.o):
    test_romapi.o             src\test_romapi.s(13)
_main (test_romapi.o):
    startup.o                 src\startup.s(11)
addysp (addysp.o):
    incsp4.o                  runtime/incsp4.s(8)
    test_romapi.o             src\test_romapi.s(392)
    test_romapi.o             src\test_romapi.s(392)
addysp1 (addysp.o):
    lsub.o                    runtime/lsub.s(11)
callax (call.o):
    test_romapi.o             src\test_romapi.s(392)
decsp4 (decsp4.o):
    lpush.o                   runtime/lpush.s(12)
incax1 (incax1.o):
    test_romapi.o             src\test_romapi.s(392)
incaxy (incaxy.o):
    test_romapi.o             src\test_romapi.s(392)
incsp2 (incsp2.o):
    test_romapi.o             src\test_romapi.s(392)
    test_romapi.o             src\test_romapi.s(392)
    test_romapi.o             src\test_romapi.s(392)
incsp4 (incsp4.o):
    test_romapi.o             src\test_romapi.s(392)
jmpvec (jmpvec.o):
    test_romapi.o             src\test_romapi.s(392)
    test_romapi.o             src\test_romapi.s(392)
    test_romapi.o             src\test_romapi.s(392)
ldax0sp (ldaxsp.o):
    test_romapi.o             src\test_romapi.s(392)
ldaxysp (ldaxsp.o):
    test_romapi.o             src\test_romapi.s(392)
ldeax0sp (ldeaxysp.o):
    test_romapi.o             src\test_romapi.s(392)
ldeaxysp (ldeaxysp.o):
    test_romapi.o             src\test_romapi.s(392)
popax (incsp2.o):
    shl.o                     runtime/shl.s(15)
ptr1 (zeropage.o):
    call.o                    runtime/call.s(8)
    test_romapi.o             src\test_romapi.s(11)
pusha (pusha.o):
    test_romapi.o             src\test_romapi.s(392)
pusha0 (pushax.o):
    test_romapi.o             src\test_romapi.s(392)
pushax (pushax.o):
    test_romapi.o             src\test_romapi.s(392)
    test_romapi.o             src\test_romapi.s(392)
    test_romapi.o             src\test_romapi.s(392)
pusheax (lpush.o):
    test_romapi.o             src\test_romapi.s(392)
    test_romapi.o             src\test_romapi.s(392)
regsave (zeropage.o):
    test_romapi.o             src\test_romapi.s(10)
sp (zeropage.o):
    decsp4.o                  runtime/decsp4.s(8)
    subysp.o                  runtime/subysp.s(9)
    steaxsp.o                 runtime/steaxsp.s(8)
    staxsp.o                  runtime/staxsp.s(8)
    pushax.o                  runtime/pushax.s(8)
    pusha.o                   runtime/pusha.s(8)
    lsub.o                    runtime/lsub.s(12)
    lpush.o                   runtime/lpush.s(13)
    ldeaxysp.o                runtime/ldeaxysp.s(12)
    ldaxsp.o                  runtime/ldaxsp.s(8)
    incsp2.o                  runtime/incsp2.s(8)
    addysp.o                  runtime/addysp.s(8)
    test_romapi.o             src\test_romapi.s(10)
    startup.o                 src\startup.s(13)
sreg (zeropage.o):
    steaxsp.o                 runtime/steaxsp.s(8)
    lsub.o                    runtime/lsub.s(12)
    lpush.o                   runtime/lpush.s(13)
    ldeaxysp.o                runtime/ldeaxysp.s(12)
    test_romapi.o             src\test_romapi.s(10)
staxysp (staxsp.o):
    test_romapi.o             src\test_romapi.s(392)
steaxysp (steaxsp.o):
    test_romapi.o             src\test_romapi.s(392)
subysp (subysp.o):
    test_romapi.o             src\test_romapi.s(392)
    test_romapi.o             src\test_romapi.s(392)
tmp1 (zeropage.o):
    shl.o                     runtime/shl.s(16)
    incaxy.o                  runtime/incaxy.s(8)
tosaslax (shl.o):
    test_romapi.o             src\test_romapi.s(392)
tossubeax (lsub.o):
    test_romapi.o             src\test_romapi.s(392)

