Modules list:
-------------
startup.o:
    ZEROPAGE          Offs=000000  Size=000006  Align=00001  Fill=0000
    STARTUP           Offs=000000  Size=000047  Align=00001  Fill=0000
test_direct.o:
    CODE              Offs=000000  Size=000265  Align=00001  Fill=0000
    RODATA            Offs=000000  Size=0000AC  Align=00001  Fill=0000
D:\cc65\lib\none.lib(addysp.o):
    CODE              Offs=000265  Size=00000E  Align=00001  Fill=0000
D:\cc65\lib\none.lib(call.o):
    CODE              Offs=000273  Size=000007  Align=00001  Fill=0000
D:\cc65\lib\none.lib(decsp4.o):
    CODE              Offs=00027A  Size=00000D  Align=00001  Fill=0000
D:\cc65\lib\none.lib(incax1.o):
    CODE              Offs=000287  Size=000007  Align=00001  Fill=0000
D:\cc65\lib\none.lib(incsp2.o):
    CODE              Offs=00028E  Size=000016  Align=00001  Fill=0000
D:\cc65\lib\none.lib(incsp4.o):
    CODE              Offs=0002A4  Size=000005  Align=00001  Fill=0000
D:\cc65\lib\none.lib(incsp6.o):
    CODE              Offs=0002A9  Size=000005  Align=00001  Fill=0000
D:\cc65\lib\none.lib(jmpvec.o):
    DATA              Offs=000000  Size=000003  Align=00001  Fill=0000
D:\cc65\lib\none.lib(ldaxsp.o):
    CODE              Offs=0002AE  Size=000009  Align=00001  Fill=0000
D:\cc65\lib\none.lib(ldeaxysp.o):
    CODE              Offs=0002B7  Size=000013  Align=00001  Fill=0000
D:\cc65\lib\none.lib(lpush.o):
    CODE              Offs=0002CA  Size=000021  Align=00001  Fill=0000
D:\cc65\lib\none.lib(lsub.o):
    CODE              Offs=0002EB  Size=000027  Align=00001  Fill=0000
D:\cc65\lib\none.lib(ludiv.o):
    CODE              Offs=000312  Size=00007A  Align=00001  Fill=0000
D:\cc65\lib\none.lib(pusha.o):
    CODE              Offs=00038C  Size=000016  Align=00001  Fill=0000
D:\cc65\lib\none.lib(pushax.o):
    CODE              Offs=0003A2  Size=00001A  Align=00001  Fill=0000
D:\cc65\lib\none.lib(staxsp.o):
    CODE              Offs=0003BC  Size=00000B  Align=00001  Fill=0000
D:\cc65\lib\none.lib(steaxsp.o):
    CODE              Offs=0003C7  Size=000015  Align=00001  Fill=0000
D:\cc65\lib\none.lib(subysp.o):
    CODE              Offs=0003DC  Size=00000D  Align=00001  Fill=0000
D:\cc65\lib\none.lib(zeropage.o):
    ZEROPAGE          Offs=000006  Size=00001A  Align=00001  Fill=0000


Segment list:
-------------
Name                   Start     End    Size  Align
----------------------------------------------------
ZEROPAGE              000020  00003F  000020  00001
STARTUP               000800  000846  000047  00001
CODE                  000847  000C2F  0003E9  00001
RODATA                000C30  000CDB  0000AC  00001
DATA                  000CDC  000CDE  000003  00001


Exports list by name:
---------------------
__BSS_RUN__               000CDF RLA    __BSS_SIZE__              000000 REA    
__STARTUP__               000001 REA    _main                     000987 RLA    
addysp                    000AAD RLA    addysp1                   000AAC RLA    
callax                    000ABA RLA    decsp4                    000AC1 RLA    
incax1                    000ACE RLA    incsp2                    000ADD RLA    
incsp4                    000AEB RLA    incsp6                    000AF0 RLA    
jmpvec                    000CDC RLA    ldax0sp                   000AF5 RLA    
ldaxysp                   000AF7 RLA    ldeax0sp                  000AFE RLA    
ldeaxysp                  000B00 RLA    ptr1                      00002E RLZ    
ptr2                      000030 RLZ    ptr3                      000032 RLZ    
ptr4                      000034 RLZ    pusha                     000BD7 RLA    
pushax                    000BED RLA    pusheax                   000B1A RLA    
regsave                   00002A RLZ    sp                        000026 RLZ    
sreg                      000028 RLZ    stax0sp                   000C03 RLA    
staxysp                   000C05 RLA    steaxysp                  000C10 RLA    
subysp                    000C23 RLA    tmp3                      000038 RLZ    
tmp4                      000039 RLZ    tossubeax                 000B38 RLA    
tosudiv0ax                000B59 RLA    


Exports list by value:
----------------------
__BSS_SIZE__              000000 REA    __STARTUP__               000001 REA    
sp                        000026 RLZ    sreg                      000028 RLZ    
regsave                   00002A RLZ    ptr1                      00002E RLZ    
ptr2                      000030 RLZ    ptr3                      000032 RLZ    
ptr4                      000034 RLZ    tmp3                      000038 RLZ    
tmp4                      000039 RLZ    _main                     000987 RLA    
addysp1                   000AAC RLA    addysp                    000AAD RLA    
callax                    000ABA RLA    decsp4                    000AC1 RLA    
incax1                    000ACE RLA    incsp2                    000ADD RLA    
incsp4                    000AEB RLA    incsp6                    000AF0 RLA    
ldax0sp                   000AF5 RLA    ldaxysp                   000AF7 RLA    
ldeax0sp                  000AFE RLA    ldeaxysp                  000B00 RLA    
pusheax                   000B1A RLA    tossubeax                 000B38 RLA    
tosudiv0ax                000B59 RLA    pusha                     000BD7 RLA    
pushax                    000BED RLA    stax0sp                   000C03 RLA    
staxysp                   000C05 RLA    steaxysp                  000C10 RLA    
subysp                    000C23 RLA    jmpvec                    000CDC RLA    
__BSS_RUN__               000CDF RLA    


Imports list:
-------------
__BSS_RUN__ ([linker generated]):
    startup.o                 src\startup.s(12)
__BSS_SIZE__ ([linker generated]):
    startup.o                 src\startup.s(12)
__STARTUP__ (startup.o):
    test_direct.o             src\test_direct.s(13)
_main (test_direct.o):
    startup.o                 src\startup.s(11)
addysp (addysp.o):
    incsp6.o                  runtime/incsp6.s(8)
    incsp4.o                  runtime/incsp4.s(8)
    test_direct.o             src\test_direct.s(385)
    test_direct.o             src\test_direct.s(385)
addysp1 (addysp.o):
    ludiv.o                   runtime/ludiv.s(9)
    lsub.o                    runtime/lsub.s(11)
callax (call.o):
    test_direct.o             src\test_direct.s(385)
decsp4 (decsp4.o):
    lpush.o                   runtime/lpush.s(12)
    test_direct.o             src\test_direct.s(385)
incax1 (incax1.o):
    test_direct.o             src\test_direct.s(385)
    test_direct.o             src\test_direct.s(385)
incsp2 (incsp2.o):
    test_direct.o             src\test_direct.s(385)
    test_direct.o             src\test_direct.s(385)
incsp4 (incsp4.o):
    test_direct.o             src\test_direct.s(385)
incsp6 (incsp6.o):
    test_direct.o             src\test_direct.s(385)
jmpvec (jmpvec.o):
    test_direct.o             src\test_direct.s(385)
    test_direct.o             src\test_direct.s(385)
ldax0sp (ldaxsp.o):
    test_direct.o             src\test_direct.s(385)
    test_direct.o             src\test_direct.s(385)
    test_direct.o             src\test_direct.s(385)
ldaxysp (ldaxsp.o):
    test_direct.o             src\test_direct.s(385)
ldeax0sp (ldeaxysp.o):
    test_direct.o             src\test_direct.s(385)
ldeaxysp (ldeaxysp.o):
    test_direct.o             src\test_direct.s(385)
    test_direct.o             src\test_direct.s(385)
ptr1 (zeropage.o):
    ludiv.o                   runtime/ludiv.s(10)
    call.o                    runtime/call.s(8)
    test_direct.o             src\test_direct.s(11)
ptr2 (zeropage.o):
    ludiv.o                   runtime/ludiv.s(10)
ptr3 (zeropage.o):
    ludiv.o                   runtime/ludiv.s(10)
ptr4 (zeropage.o):
    ludiv.o                   runtime/ludiv.s(10)
pusha (pusha.o):
    test_direct.o             src\test_direct.s(385)
pushax (pushax.o):
    test_direct.o             src\test_direct.s(385)
    test_direct.o             src\test_direct.s(385)
    test_direct.o             src\test_direct.s(385)
pusheax (lpush.o):
    test_direct.o             src\test_direct.s(385)
    test_direct.o             src\test_direct.s(385)
regsave (zeropage.o):
    test_direct.o             src\test_direct.s(10)
sp (zeropage.o):
    subysp.o                  runtime/subysp.s(9)
    steaxsp.o                 runtime/steaxsp.s(8)
    staxsp.o                  runtime/staxsp.s(8)
    pushax.o                  runtime/pushax.s(8)
    pusha.o                   runtime/pusha.s(8)
    ludiv.o                   runtime/ludiv.s(10)
    lsub.o                    runtime/lsub.s(12)
    lpush.o                   runtime/lpush.s(13)
    ldeaxysp.o                runtime/ldeaxysp.s(12)
    ldaxsp.o                  runtime/ldaxsp.s(8)
    incsp2.o                  runtime/incsp2.s(8)
    decsp4.o                  runtime/decsp4.s(8)
    addysp.o                  runtime/addysp.s(8)
    test_direct.o             src\test_direct.s(10)
    startup.o                 src\startup.s(13)
sreg (zeropage.o):
    steaxsp.o                 runtime/steaxsp.s(8)
    ludiv.o                   runtime/ludiv.s(10)
    lsub.o                    runtime/lsub.s(12)
    lpush.o                   runtime/lpush.s(13)
    ldeaxysp.o                runtime/ldeaxysp.s(12)
    test_direct.o             src\test_direct.s(10)
stax0sp (staxsp.o):
    test_direct.o             src\test_direct.s(385)
staxysp (staxsp.o):
    test_direct.o             src\test_direct.s(385)
steaxysp (steaxsp.o):
    test_direct.o             src\test_direct.s(385)
subysp (subysp.o):
    test_direct.o             src\test_direct.s(385)
    test_direct.o             src\test_direct.s(385)
tmp3 (zeropage.o):
    ludiv.o                   runtime/ludiv.s(10)
tmp4 (zeropage.o):
    ludiv.o                   runtime/ludiv.s(10)
tossubeax (lsub.o):
    test_direct.o             src\test_direct.s(385)
tosudiv0ax (ludiv.o):
    test_direct.o             src\test_direct.s(385)

