Modules list:
-------------
startup.o:
    ZEROPAGE          Offs=000000  Size=000006  Align=00001  Fill=0000
    STARTUP           Offs=000000  Size=000047  Align=00001  Fill=0000
test_overhead.o:
    CODE              Offs=000000  Size=000232  Align=00001  Fill=0000
    RODATA            Offs=000000  Size=0000DD  Align=00001  Fill=0000
D:\cc65\lib\none.lib(addysp.o):
    CODE              Offs=000232  Size=00000E  Align=00001  Fill=0000
D:\cc65\lib\none.lib(call.o):
    CODE              Offs=000240  Size=000007  Align=00001  Fill=0000
D:\cc65\lib\none.lib(decsp4.o):
    CODE              Offs=000247  Size=00000D  Align=00001  Fill=0000
D:\cc65\lib\none.lib(incax1.o):
    CODE              Offs=000254  Size=000007  Align=00001  Fill=0000
D:\cc65\lib\none.lib(incsp2.o):
    CODE              Offs=00025B  Size=000016  Align=00001  Fill=0000
D:\cc65\lib\none.lib(incsp4.o):
    CODE              Offs=000271  Size=000005  Align=00001  Fill=0000
D:\cc65\lib\none.lib(jmpvec.o):
    DATA              Offs=000000  Size=000003  Align=00001  Fill=0000
D:\cc65\lib\none.lib(lcmp.o):
    CODE              Offs=000276  Size=00003B  Align=00001  Fill=0000
D:\cc65\lib\none.lib(ldaxsp.o):
    CODE              Offs=0002B1  Size=000009  Align=00001  Fill=0000
D:\cc65\lib\none.lib(ldeaxysp.o):
    CODE              Offs=0002BA  Size=000013  Align=00001  Fill=0000
D:\cc65\lib\none.lib(linc.o):
    CODE              Offs=0002CD  Size=000011  Align=00001  Fill=0000
D:\cc65\lib\none.lib(lpush.o):
    CODE              Offs=0002DE  Size=000021  Align=00001  Fill=0000
D:\cc65\lib\none.lib(lsub.o):
    CODE              Offs=0002FF  Size=000027  Align=00001  Fill=0000
D:\cc65\lib\none.lib(ludiv.o):
    CODE              Offs=000326  Size=00007A  Align=00001  Fill=0000
D:\cc65\lib\none.lib(lult.o):
    CODE              Offs=0003A0  Size=000006  Align=00001  Fill=0000
D:\cc65\lib\none.lib(makebool.o):
    CODE              Offs=0003A6  Size=00002C  Align=00001  Fill=0000
D:\cc65\lib\none.lib(pusha.o):
    CODE              Offs=0003D2  Size=000016  Align=00001  Fill=0000
D:\cc65\lib\none.lib(pushax.o):
    CODE              Offs=0003E8  Size=00001A  Align=00001  Fill=0000
D:\cc65\lib\none.lib(staxsp.o):
    CODE              Offs=000402  Size=00000B  Align=00001  Fill=0000
D:\cc65\lib\none.lib(steaxsp.o):
    CODE              Offs=00040D  Size=000015  Align=00001  Fill=0000
D:\cc65\lib\none.lib(subysp.o):
    CODE              Offs=000422  Size=00000D  Align=00001  Fill=0000
D:\cc65\lib\none.lib(zeropage.o):
    ZEROPAGE          Offs=000006  Size=00001A  Align=00001  Fill=0000


Segment list:
-------------
Name                   Start     End    Size  Align
----------------------------------------------------
ZEROPAGE              000020  00003F  000020  00001
STARTUP               000800  000846  000047  00001
CODE                  000847  000C75  00042F  00001
RODATA                000C76  000D52  0000DD  00001
DATA                  000D53  000D55  000003  00001


Exports list by name:
---------------------
__BSS_RUN__               000D56 RLA    __BSS_SIZE__              000000 REA    
__STARTUP__               000001 REA    _main                     000938 RLA    
addysp                    000A7A RLA    addysp1                   000A79 RLA    
boolult                   000C0C RLA    callax                    000A87 RLA    
decsp4                    000A8E RLA    incax1                    000A9B RLA    
inceaxy                   000B14 RLA    incsp2                    000AAA RLA    
incsp4                    000AB8 RLA    jmpvec                    000D53 RLA    
ldax0sp                   000AF8 RLA    ldaxysp                   000AFA RLA    
ldeax0sp                  000B01 RLA    ldeaxysp                  000B03 RLA    
ptr1                      00002E RLZ    ptr2                      000030 RLZ    
ptr3                      000032 RLZ    ptr4                      000034 RLZ    
pusha                     000C1D RLA    pushax                    000C33 RLA    
pusheax                   000B2E RLA    regsave                   00002A RLZ    
sp                        000026 RLZ    sreg                      000028 RLZ    
stax0sp                   000C49 RLA    staxysp                   000C4B RLA    
steaxysp                  000C56 RLA    subysp                    000C69 RLA    
tmp3                      000038 RLZ    tmp4                      000039 RLZ    
toslcmp                   000ABD RLA    tossubeax                 000B4C RLA    
tosudiv0ax                000B6D RLA    tosulteax                 000BE7 RLA    



Exports list by value:
----------------------
__BSS_SIZE__              000000 REA    __STARTUP__               000001 REA    
sp                        000026 RLZ    sreg                      000028 RLZ    
regsave                   00002A RLZ    ptr1                      00002E RLZ    
ptr2                      000030 RLZ    ptr3                      000032 RLZ    
ptr4                      000034 RLZ    tmp3                      000038 RLZ    
tmp4                      000039 RLZ    _main                     000938 RLA    
addysp1                   000A79 RLA    addysp                    000A7A RLA    
callax                    000A87 RLA    decsp4                    000A8E RLA    
incax1                    000A9B RLA    incsp2                    000AAA RLA    
incsp4                    000AB8 RLA    toslcmp                   000ABD RLA    
ldax0sp                   000AF8 RLA    ldaxysp                   000AFA RLA    
ldeax0sp                  000B01 RLA    ldeaxysp                  000B03 RLA    
inceaxy                   000B14 RLA    pusheax                   000B2E RLA    
tossubeax                 000B4C RLA    tosudiv0ax                000B6D RLA    
tosulteax                 000BE7 RLA    boolult                   000C0C RLA    
pusha                     000C1D RLA    pushax                    000C33 RLA    
stax0sp                   000C49 RLA    staxysp                   000C4B RLA    
steaxysp                  000C56 RLA    subysp                    000C69 RLA    
jmpvec                    000D53 RLA    __BSS_RUN__               000D56 RLA    



Imports list:
-------------
__BSS_RUN__ ([linker generated]):
    startup.o                 src\startup.s(12)
__BSS_SIZE__ ([linker generated]):
    startup.o                 src\startup.s(12)
__STARTUP__ (startup.o):
    test_overhead.o           src\test_overhead.s(13)
_main (test_overhead.o):
    startup.o                 src\startup.s(11)
addysp (addysp.o):
    incsp4.o                  runtime/incsp4.s(8)
    test_overhead.o           src\test_overhead.s(356)
    test_overhead.o           src\test_overhead.s(356)
addysp1 (addysp.o):
    ludiv.o                   runtime/ludiv.s(9)
    lsub.o                    runtime/lsub.s(11)
boolult (makebool.o):
    lult.o                    runtime/lult.s(8)
callax (call.o):
    test_overhead.o           src\test_overhead.s(356)
decsp4 (decsp4.o):
    lpush.o                   runtime/lpush.s(12)
incax1 (incax1.o):
    test_overhead.o           src\test_overhead.s(356)
    test_overhead.o           src\test_overhead.s(356)
inceaxy (linc.o):
    test_overhead.o           src\test_overhead.s(356)
incsp2 (incsp2.o):
    test_overhead.o           src\test_overhead.s(356)
    test_overhead.o           src\test_overhead.s(356)
incsp4 (incsp4.o):
    lcmp.o                    runtime/lcmp.s(9)
    test_overhead.o           src\test_overhead.s(356)
jmpvec (jmpvec.o):
    test_overhead.o           src\test_overhead.s(356)
    test_overhead.o           src\test_overhead.s(356)
ldax0sp (ldaxsp.o):
    test_overhead.o           src\test_overhead.s(356)
    test_overhead.o           src\test_overhead.s(356)
ldaxysp (ldaxsp.o):
    test_overhead.o           src\test_overhead.s(356)
    test_overhead.o           src\test_overhead.s(356)
ldeax0sp (ldeaxysp.o):
    test_overhead.o           src\test_overhead.s(356)
ldeaxysp (ldeaxysp.o):
    test_overhead.o           src\test_overhead.s(356)
ptr1 (zeropage.o):
    lcmp.o                    runtime/lcmp.s(10)
    ludiv.o                   runtime/ludiv.s(10)
    call.o                    runtime/call.s(8)
    test_overhead.o           src\test_overhead.s(11)
ptr2 (zeropage.o):
    ludiv.o                   runtime/ludiv.s(10)
ptr3 (zeropage.o):
    ludiv.o                   runtime/ludiv.s(10)
ptr4 (zeropage.o):
    ludiv.o                   runtime/ludiv.s(10)
    linc.o                    runtime/linc.s(8)
pusha (pusha.o):
    test_overhead.o           src\test_overhead.s(356)
pushax (pushax.o):
    test_overhead.o           src\test_overhead.s(356)
    test_overhead.o           src\test_overhead.s(356)
pusheax (lpush.o):
    test_overhead.o           src\test_overhead.s(356)
    test_overhead.o           src\test_overhead.s(356)
regsave (zeropage.o):
    test_overhead.o           src\test_overhead.s(10)
sp (zeropage.o):
    lcmp.o                    runtime/lcmp.s(10)
    decsp4.o                  runtime/decsp4.s(8)
    subysp.o                  runtime/subysp.s(9)
    steaxsp.o                 runtime/steaxsp.s(8)
    staxsp.o                  runtime/staxsp.s(8)
    pushax.o                  runtime/pushax.s(8)
    pusha.o                   runtime/pusha.s(8)
    ludiv.o                   runtime/ludiv.s(10)
    lsub.o                    runtime/lsub.s(12)
    lpush.o                   runtime/lpush.s(13)
    ldeaxysp.o                runtime/ldeaxysp.s(12)
    ldaxsp.o                  runtime/ldaxsp.s(8)
    incsp2.o                  runtime/incsp2.s(8)
    addysp.o                  runtime/addysp.s(8)
    test_overhead.o           src\test_overhead.s(10)
    startup.o                 src\startup.s(13)
sreg (zeropage.o):
    lcmp.o                    runtime/lcmp.s(10)
    steaxsp.o                 runtime/steaxsp.s(8)
    ludiv.o                   runtime/ludiv.s(10)
    lsub.o                    runtime/lsub.s(12)
    lpush.o                   runtime/lpush.s(13)
    linc.o                    runtime/linc.s(8)
    ldeaxysp.o                runtime/ldeaxysp.s(12)
    test_overhead.o           src\test_overhead.s(10)
stax0sp (staxsp.o):
    test_overhead.o           src\test_overhead.s(356)
staxysp (staxsp.o):
    test_overhead.o           src\test_overhead.s(356)
    test_overhead.o           src\test_overhead.s(356)
steaxysp (steaxsp.o):
    test_overhead.o           src\test_overhead.s(356)
subysp (subysp.o):
    test_overhead.o           src\test_overhead.s(356)
    test_overhead.o           src\test_overhead.s(356)
tmp3 (zeropage.o):
    ludiv.o                   runtime/ludiv.s(10)
tmp4 (zeropage.o):
    ludiv.o                   runtime/ludiv.s(10)
toslcmp (lcmp.o):
    lult.o                    runtime/lult.s(8)
tossubeax (lsub.o):
    test_overhead.o           src\test_overhead.s(356)
tosudiv0ax (ludiv.o):
    test_overhead.o           src\test_overhead.s(356)
tosulteax (lult.o):
    test_overhead.o           src\test_overhead.s(356)

